// Jest Snapshot v1, https://goo.gl/fbAQLP

exports[`<Comment /> renders correctly 1`] = `
<View
  style={
    {
      "backgroundColor": "#333",
      "borderRadius": 10,
      "marginBottom": 20,
      "padding": 20,
    }
  }
>
  <View
    style={
      {
        "alignContent": "center",
        "display": "flex",
        "flexDirection": "row",
        "gap": 20,
        "justifyContent": "flex-start",
      }
    }
  >
    <Image
      source={
        {
          "uri": "https://api.dicebear.com/7.x/micah/png?seed=1",
        }
      }
      style={
        {
          "height": 40,
          "marginBottom": 20,
          "width": 40,
        }
      }
    />
    <View>
      <Text
        ellipsizeMode="tail"
        numberOfLines={1}
        style={
          {
            "color": "#FFF",
            "fontSize": 20,
            "fontWeight": "bold",
            "width": "80%",
          }
        }
      >
        name
      </Text>
      <Text
        style={
          {
            "color": "#eef",
            "fontSize": 14,
            "marginBottom": 10,
            "marginTop": 5,
          }
        }
      >
        email
      </Text>
    </View>
  </View>
  <Text
    style={
      {
        "color": "#FFF",
        "fontSize": 16,
      }
    }
  >
    body
  </Text>
</View>
`;
